127.0.0.1 - - [30/Mar/2019:05:23:46 +0000] "GET /help HTTP/1.1" 200 79453 "" "curl/7.59.0-DEV"
127.0.0.1 - - [30/Mar/2019:05:24:47 +0000] "GET /help HTTP/1.1" 200 79459 "" "curl/7.59.0-DEV"
172.17.0.1 - - [30/Mar/2019:05:25:15 +0000] "-  -" 400 166 "" "-"
172.17.0.1 - - [30/Mar/2019:05:25:15 +0000] "-  -" 400 166 "" "-"
172.17.0.1 - - [30/Mar/2019:05:25:15 +0000] "-  -" 400 166 "" "-"
172.17.0.1 - - [30/Mar/2019:05:25:21 +0000] "GET / HTTP/1.1" 302 101 "" "Mozilla/5.0 (Macintosh; Intel Mac OS X 10_14_3) AppleWebKit/537.36 (KHTML, like Gecko) Chrome/73.0.3683.86 Safari/537.36"
172.17.0.1 - - [30/Mar/2019:05:25:22 +0000] "GET /users/sign_in HTTP/1.1" 302 149 "" "Mozilla/5.0 (Macintosh; Intel Mac OS X 10_14_3) AppleWebKit/537.36 (KHTML, like Gecko) Chrome/73.0.3683.86 Safari/537.36"
172.17.0.1 - - [30/Mar/2019:05:25:24 +0000] "GET /users/password/edit?reset_password_token=sDK7RyFWUNmzf-Vw8ZhZ HTTP/1.1" 200 3625 "" "Mozilla/5.0 (Macintosh; Intel Mac OS X 10_14_3) AppleWebKit/537.36 (KHTML, like Gecko) Chrome/73.0.3683.86 Safari/537.36"
172.17.0.1 - - [30/Mar/2019:05:25:24 +0000] "GET /assets/webpack/runtime.f4be8219.bundle.js HTTP/1.1" 200 1981 "http://localhost:8080/users/password/edit" "Mozilla/5.0 (Macintosh; Intel Mac OS X 10_14_3) AppleWebKit/537.36 (KHTML, like Gecko) Chrome/73.0.3683.86 Safari/537.36"
172.17.0.1 - - [30/Mar/2019:05:25:24 +0000] "GET /assets/highlight/themes/white-a165d47ce52cf24c29686366976ae691bd9addb9641a6abeb3ba6d1823b89aa8.css HTTP/1.1" 200 825 "http://localhost:8080/users/password/edit" "Mozilla/5.0 (Macintosh; Intel Mac OS X 10_14_3) AppleWebKit/537.36 (KHTML, like Gecko) Chrome/73.0.3683.86 Safari/537.36"
172.17.0.1 - - [30/Mar/2019:05:25:24 +0000] "GET /assets/application-3cbf1ae156fa85f16d4ca01321e0965db8cfb9239404aaf52c3cebfc5b4493fb.css HTTP/1.1" 200 131271 "http://localhost:8080/users/password/edit" "Mozilla/5.0 (Macintosh; Intel Mac OS X 10_14_3) AppleWebKit/537.36 (KHTML, like Gecko) Chrome/73.0.3683.86 Safari/537.36"
172.17.0.1 - - [30/Mar/2019:05:25:24 +0000] "GET /assets/webpack/main.70309c7d.chunk.js HTTP/1.1" 200 371127 "http://localhost:8080/users/password/edit" "Mozilla/5.0 (Macintosh; Intel Mac OS X 10_14_3) AppleWebKit/537.36 (KHTML, like Gecko) Chrome/73.0.3683.86 Safari/537.36"
172.17.0.1 - - [30/Mar/2019:05:25:24 +0000] "GET /assets/webpack/default.6ae7dd33.chunk.js HTTP/1.1" 200 159 "http://localhost:8080/users/password/edit" "Mozilla/5.0 (Macintosh; Intel Mac OS X 10_14_3) AppleWebKit/537.36 (KHTML, like Gecko) Chrome/73.0.3683.86 Safari/537.36"
172.17.0.1 - - [30/Mar/2019:05:25:24 +0000] "GET /assets/print-c8ff536271f8974b8a9a5f75c0ca25d2b8c1dceb4cff3c01d1603862a0bdcbfc.css HTTP/1.1" 200 384 "http://localhost:8080/users/password/edit" "Mozilla/5.0 (Macintosh; Intel Mac OS X 10_14_3) AppleWebKit/537.36 (KHTML, like Gecko) Chrome/73.0.3683.86 Safari/537.36"
172.17.0.1 - - [30/Mar/2019:05:25:24 +0000] "GET /assets/favicon-7901bd695fb93edb07975966062049829afb56cf11511236e61bcf425070e36e.png HTTP/1.1" 200 1611 "http://localhost:8080/users/password/edit" "Mozilla/5.0 (Macintosh; Intel Mac OS X 10_14_3) AppleWebKit/537.36 (KHTML, like Gecko) Chrome/73.0.3683.86 Safari/537.36"
172.17.0.1 - - [30/Mar/2019:05:25:39 +0000] "POST /users/password HTTP/1.1" 200 3703 "http://localhost:8080/users/password/edit" "Mozilla/5.0 (Macintosh; Intel Mac OS X 10_14_3) AppleWebKit/537.36 (KHTML, like Gecko) Chrome/73.0.3683.86 Safari/537.36"
127.0.0.1 - - [30/Mar/2019:05:25:48 +0000] "GET /help HTTP/1.1" 200 79459 "" "curl/7.59.0-DEV"
172.17.0.1 - - [30/Mar/2019:05:25:52 +0000] "POST /users/password HTTP/1.1" 302 101 "http://localhost:8080/users/password" "Mozilla/5.0 (Macintosh; Intel Mac OS X 10_14_3) AppleWebKit/537.36 (KHTML, like Gecko) Chrome/73.0.3683.86 Safari/537.36"
172.17.0.1 - - [30/Mar/2019:05:25:52 +0000] "GET /users/sign_in HTTP/1.1" 200 4374 "http://localhost:8080/users/password" "Mozilla/5.0 (Macintosh; Intel Mac OS X 10_14_3) AppleWebKit/537.36 (KHTML, like Gecko) Chrome/73.0.3683.86 Safari/537.36"
172.17.0.1 - - [30/Mar/2019:05:25:52 +0000] "GET /assets/webpack/commons~pages.ldap.omniauth_callbacks~pages.omniauth_callbacks~pages.sessions~pages.sessions.new.3ad531f1.chunk.js HTTP/1.1" 200 3634 "http://localhost:8080/users/sign_in" "Mozilla/5.0 (Macintosh; Intel Mac OS X 10_14_3) AppleWebKit/537.36 (KHTML, like Gecko) Chrome/73.0.3683.86 Safari/537.36"
172.17.0.1 - - [30/Mar/2019:05:25:52 +0000] "GET /assets/webpack/pages.sessions.new.38c70182.chunk.js HTTP/1.1" 200 4028 "http://localhost:8080/users/sign_in" "Mozilla/5.0 (Macintosh; Intel Mac OS X 10_14_3) AppleWebKit/537.36 (KHTML, like Gecko) Chrome/73.0.3683.86 Safari/537.36"
172.17.0.1 - - [30/Mar/2019:05:26:18 +0000] "POST /users/sign_in HTTP/1.1" 200 4372 "http://localhost:8080/users/sign_in" "Mozilla/5.0 (Macintosh; Intel Mac OS X 10_14_3) AppleWebKit/537.36 (KHTML, like Gecko) Chrome/73.0.3683.86 Safari/537.36"
172.17.0.1 - - [30/Mar/2019:05:26:25 +0000] "POST /users/sign_in HTTP/1.1" 200 4373 "http://localhost:8080/users/sign_in" "Mozilla/5.0 (Macintosh; Intel Mac OS X 10_14_3) AppleWebKit/537.36 (KHTML, like Gecko) Chrome/73.0.3683.86 Safari/537.36"
172.17.0.1 - - [30/Mar/2019:05:26:34 +0000] "GET /users/aaron/exists HTTP/1.1" 200 16 "http://localhost:8080/users/sign_in" "Mozilla/5.0 (Macintosh; Intel Mac OS X 10_14_3) AppleWebKit/537.36 (KHTML, like Gecko) Chrome/73.0.3683.86 Safari/537.36"
172.17.0.1 - - [30/Mar/2019:05:26:46 +0000] "POST /users HTTP/1.1" 302 106 "http://localhost:8080/users/sign_in" "Mozilla/5.0 (Macintosh; Intel Mac OS X 10_14_3) AppleWebKit/537.36 (KHTML, like Gecko) Chrome/73.0.3683.86 Safari/537.36"
127.0.0.1 - - [30/Mar/2019:05:26:49 +0000] "GET /help HTTP/1.1" 200 79453 "" "curl/7.59.0-DEV"
172.17.0.1 - - [30/Mar/2019:05:26:50 +0000] "GET /dashboard/projects HTTP/1.1" 200 7860 "http://localhost:8080/users/sign_in" "Mozilla/5.0 (Macintosh; Intel Mac OS X 10_14_3) AppleWebKit/537.36 (KHTML, like Gecko) Chrome/73.0.3683.86 Safari/537.36"
172.17.0.1 - - [30/Mar/2019:05:26:50 +0000] "GET /assets/webpack/pages.dashboard.projects.3d0a6200.chunk.js HTTP/1.1" 200 1119 "http://localhost:8080/dashboard/projects" "Mozilla/5.0 (Macintosh; Intel Mac OS X 10_14_3) AppleWebKit/537.36 (KHTML, like Gecko) Chrome/73.0.3683.86 Safari/537.36"
172.17.0.1 - - [30/Mar/2019:05:26:50 +0000] "GET /assets/icons-24aaa921aa9e411162e6913688816c79861d0de4bee876cf6fc4c794be34ee91.svg HTTP/1.1" 200 32382 "http://localhost:8080/dashboard/projects" "Mozilla/5.0 (Macintosh; Intel Mac OS X 10_14_3) AppleWebKit/537.36 (KHTML, like Gecko) Chrome/73.0.3683.86 Safari/537.36"
172.17.0.1 - - [30/Mar/2019:05:26:59 +0000] "GET /projects/new HTTP/1.1" 200 13713 "http://localhost:8080/dashboard/projects" "Mozilla/5.0 (Macintosh; Intel Mac OS X 10_14_3) AppleWebKit/537.36 (KHTML, like Gecko) Chrome/73.0.3683.86 Safari/537.36"
172.17.0.1 - - [30/Mar/2019:05:26:59 +0000] "GET /assets/webpack/pages.projects.new.b05e0d08.chunk.js HTTP/1.1" 200 4941 "http://localhost:8080/projects/new" "Mozilla/5.0 (Macintosh; Intel Mac OS X 10_14_3) AppleWebKit/537.36 (KHTML, like Gecko) Chrome/73.0.3683.86 Safari/537.36"
172.17.0.1 - - [30/Mar/2019:05:26:59 +0000] "GET /assets/webpack/commons~pages.groups~pages.groups.activity~pages.groups.boards~pages.groups.clusters.destroy~pages.g~c70c8c29.3f6ba0d1.chunk.js HTTP/1.1" 200 5057 "http://localhost:8080/projects/new" "Mozilla/5.0 (Macintosh; Intel Mac OS X 10_14_3) AppleWebKit/537.36 (KHTML, like Gecko) Chrome/73.0.3683.86 Safari/537.36"
172.17.0.1 - - [30/Mar/2019:05:26:59 +0000] "GET /assets/webpack/vendors~select2.3435491a.chunk.js HTTP/1.1" 200 17942 "http://localhost:8080/projects/new" "Mozilla/5.0 (Macintosh; Intel Mac OS X 10_14_3) AppleWebKit/537.36 (KHTML, like Gecko) Chrome/73.0.3683.86 Safari/537.36"
172.17.0.1 - - [30/Mar/2019:05:26:59 +0000] "GET /assets/fontawesome-webfont-2adefcbc041e7d18fcf2d417879dc5a09997aa64d675b7a3c4b6ce33da13f3fe.woff2 HTTP/1.1" 200 77160 "http://localhost:8080/assets/application-3cbf1ae156fa85f16d4ca01321e0965db8cfb9239404aaf52c3cebfc5b4493fb.css" "Mozilla/5.0 (Macintosh; Intel Mac OS X 10_14_3) AppleWebKit/537.36 (KHTML, like Gecko) Chrome/73.0.3683.86 Safari/537.36"
172.17.0.1 - - [30/Mar/2019:05:27:26 +0000] "POST /projects HTTP/1.1" 302 103 "http://localhost:8080/projects/new" "Mozilla/5.0 (Macintosh; Intel Mac OS X 10_14_3) AppleWebKit/537.36 (KHTML, like Gecko) Chrome/73.0.3683.86 Safari/537.36"
172.17.0.1 - - [30/Mar/2019:05:27:38 +0000] "GET /aaron/wordpress HTTP/1.1" 200 16054 "http://localhost:8080/projects/new" "Mozilla/5.0 (Macintosh; Intel Mac OS X 10_14_3) AppleWebKit/537.36 (KHTML, like Gecko) Chrome/73.0.3683.86 Safari/537.36"
172.17.0.1 - - [30/Mar/2019:05:27:38 +0000] "GET /assets/webpack/commons~pages.groups.milestones.edit~pages.groups.milestones.new~pages.projects.blame.show~pages.pro~bedd5722.cca2d798.chunk.js HTTP/1.1" 200 11356 "http://localhost:8080/aaron/wordpress" "Mozilla/5.0 (Macintosh; Intel Mac OS X 10_14_3) AppleWebKit/537.36 (KHTML, like Gecko) Chrome/73.0.3683.86 Safari/537.36"
172.17.0.1 - - [30/Mar/2019:05:27:38 +0000] "GET /assets/webpack/pages.projects.show.a00f6c69.chunk.js HTTP/1.1" 200 10925 "http://localhost:8080/aaron/wordpress" "Mozilla/5.0 (Macintosh; Intel Mac OS X 10_14_3) AppleWebKit/537.36 (KHTML, like Gecko) Chrome/73.0.3683.86 Safari/537.36"
172.17.0.1 - - [30/Mar/2019:05:27:41 +0000] "GET /aaron/wordpress/commits/master/signatures HTTP/1.1" 200 17 "http://localhost:8080/aaron/wordpress" "Mozilla/5.0 (Macintosh; Intel Mac OS X 10_14_3) AppleWebKit/537.36 (KHTML, like Gecko) Chrome/73.0.3683.86 Safari/537.36"
172.17.0.1 - - [30/Mar/2019:05:27:41 +0000] "GET /aaron/wordpress/blob/master/README.md?format=json&viewer=rich HTTP/1.1" 200 997 "http://localhost:8080/aaron/wordpress" "Mozilla/5.0 (Macintosh; Intel Mac OS X 10_14_3) AppleWebKit/537.36 (KHTML, like Gecko) Chrome/73.0.3683.86 Safari/537.36"
172.17.0.1 - - [30/Mar/2019:05:27:41 +0000] "GET /assets/icon_anchor-297aa9b0225eff3d6d0da74ce042a0ed5575b92aa66b7109a5e060a795b42e36.svg HTTP/1.1" 200 496 "http://localhost:8080/assets/application-3cbf1ae156fa85f16d4ca01321e0965db8cfb9239404aaf52c3cebfc5b4493fb.css" "Mozilla/5.0 (Macintosh; Intel Mac OS X 10_14_3) AppleWebKit/537.36 (KHTML, like Gecko) Chrome/73.0.3683.86 Safari/537.36"
172.17.0.1 - - [30/Mar/2019:05:27:42 +0000] "GET /aaron/wordpress/refs/master/logs_tree/?format=js HTTP/1.1" 200 675 "http://localhost:8080/aaron/wordpress" "Mozilla/5.0 (Macintosh; Intel Mac OS X 10_14_3) AppleWebKit/537.36 (KHTML, like Gecko) Chrome/73.0.3683.86 Safari/537.36"
127.0.0.1 - - [30/Mar/2019:05:27:49 +0000] "GET /help HTTP/1.1" 200 79453 "" "curl/7.59.0-DEV"
172.17.0.1 - - [30/Mar/2019:05:28:02 +0000] "GET /aaron/wordpress/settings/ci_cd HTTP/1.1" 200 16165 "http://localhost:8080/aaron/wordpress" "Mozilla/5.0 (Macintosh; Intel Mac OS X 10_14_3) AppleWebKit/537.36 (KHTML, like Gecko) Chrome/73.0.3683.86 Safari/537.36"
172.17.0.1 - - [30/Mar/2019:05:28:02 +0000] "GET /assets/webpack/pages.projects.settings.ci_cd.show.7e19aca2.chunk.js HTTP/1.1" 200 7061 "http://localhost:8080/aaron/wordpress/settings/ci_cd" "Mozilla/5.0 (Macintosh; Intel Mac OS X 10_14_3) AppleWebKit/537.36 (KHTML, like Gecko) Chrome/73.0.3683.86 Safari/537.36"
127.0.0.1 - - [30/Mar/2019:05:28:51 +0000] "GET /help HTTP/1.1" 200 79453 "" "curl/7.59.0-DEV"
172.17.0.1 - - [30/Mar/2019:05:29:23 +0000] "GET /aaron/wordpress HTTP/1.1" 200 15914 "http://localhost:8080/aaron/wordpress/settings/ci_cd" "Mozilla/5.0 (Macintosh; Intel Mac OS X 10_14_3) AppleWebKit/537.36 (KHTML, like Gecko) Chrome/73.0.3683.86 Safari/537.36"
172.17.0.1 - - [30/Mar/2019:05:29:24 +0000] "GET /aaron/wordpress/commits/master/signatures HTTP/1.1" 304 0 "http://localhost:8080/aaron/wordpress" "Mozilla/5.0 (Macintosh; Intel Mac OS X 10_14_3) AppleWebKit/537.36 (KHTML, like Gecko) Chrome/73.0.3683.86 Safari/537.36"
172.17.0.1 - - [30/Mar/2019:05:29:24 +0000] "GET /aaron/wordpress/refs/master/logs_tree/?format=js HTTP/1.1" 304 0 "http://localhost:8080/aaron/wordpress" "Mozilla/5.0 (Macintosh; Intel Mac OS X 10_14_3) AppleWebKit/537.36 (KHTML, like Gecko) Chrome/73.0.3683.86 Safari/537.36"
172.17.0.1 - - [30/Mar/2019:05:29:25 +0000] "GET /aaron/wordpress/blob/master/README.md?format=json&viewer=rich HTTP/1.1" 304 0 "http://localhost:8080/aaron/wordpress" "Mozilla/5.0 (Macintosh; Intel Mac OS X 10_14_3) AppleWebKit/537.36 (KHTML, like Gecko) Chrome/73.0.3683.86 Safari/537.36"
172.17.0.1 - - [30/Mar/2019:05:29:33 +0000] "GET /aaron/wordpress/refs?sort=updated_desc&ref=master&search= HTTP/1.1" 200 23 "http://localhost:8080/aaron/wordpress" "Mozilla/5.0 (Macintosh; Intel Mac OS X 10_14_3) AppleWebKit/537.36 (KHTML, like Gecko) Chrome/73.0.3683.86 Safari/537.36"
172.17.0.1 - - [30/Mar/2019:05:29:43 +0000] "GET /-/ide/project/aaron/wordpress/edit/master HTTP/1.1" 200 6421 "http://localhost:8080/aaron/wordpress" "Mozilla/5.0 (Macintosh; Intel Mac OS X 10_14_3) AppleWebKit/537.36 (KHTML, like Gecko) Chrome/73.0.3683.86 Safari/537.36"
172.17.0.1 - - [30/Mar/2019:05:29:43 +0000] "GET /assets/page_bundles/ide-63472093319d886a570f342e4d5756b41888527b92661e06007a91e728ae4559.css HTTP/1.1" 200 4184 "http://localhost:8080/-/ide/project/aaron/wordpress/edit/master" "Mozilla/5.0 (Macintosh; Intel Mac OS X 10_14_3) AppleWebKit/537.36 (KHTML, like Gecko) Chrome/73.0.3683.86 Safari/537.36"
172.17.0.1 - - [30/Mar/2019:05:29:43 +0000] "GET /assets/webpack/pages.ide.8e6ca92c.chunk.js HTTP/1.1" 200 588090 "http://localhost:8080/-/ide/project/aaron/wordpress/edit/master" "Mozilla/5.0 (Macintosh; Intel Mac OS X 10_14_3) AppleWebKit/537.36 (KHTML, like Gecko) Chrome/73.0.3683.86 Safari/537.36"
172.17.0.1 - - [30/Mar/2019:05:29:44 +0000] "GET /assets/illustrations/multi_file_editor_empty-4211044c0ba7423740914b8ac24198a49b40507806293272df9bae511d805b1e.svg HTTP/1.1" 200 1072 "http://localhost:8080/-/ide/project/aaron/wordpress/edit/master/-/" "Mozilla/5.0 (Macintosh; Intel Mac OS X 10_14_3) AppleWebKit/537.36 (KHTML, like Gecko) Chrome/73.0.3683.86 Safari/537.36"
172.17.0.1 - - [30/Mar/2019:05:29:45 +0000] "GET /api/v4/projects/aaron%2Fwordpress HTTP/1.1" 200 2134 "http://localhost:8080/-/ide/project/aaron/wordpress/edit/master/-/" "Mozilla/5.0 (Macintosh; Intel Mac OS X 10_14_3) AppleWebKit/537.36 (KHTML, like Gecko) Chrome/73.0.3683.86 Safari/537.36"
172.17.0.1 - - [30/Mar/2019:05:29:45 +0000] "GET /api/v4/projects/aaron%2Fwordpress/repository/branches/master HTTP/1.1" 200 529 "http://localhost:8080/-/ide/project/aaron/wordpress/edit/master/-/" "Mozilla/5.0 (Macintosh; Intel Mac OS X 10_14_3) AppleWebKit/537.36 (KHTML, like Gecko) Chrome/73.0.3683.86 Safari/537.36"
172.17.0.1 - - [30/Mar/2019:05:29:47 +0000] "GET /aaron/wordpress/commit/055241290c5e410830c28b07d827910b01d88951/pipelines HTTP/1.1" 200 981 "http://localhost:8080/-/ide/project/aaron/wordpress/edit/master/-/" "Mozilla/5.0 (Macintosh; Intel Mac OS X 10_14_3) AppleWebKit/537.36 (KHTML, like Gecko) Chrome/73.0.3683.86 Safari/537.36"
127.0.0.1 - - [30/Mar/2019:05:29:52 +0000] "GET /help HTTP/1.1" 200 79453 "" "curl/7.59.0-DEV"
172.17.0.1 - - [30/Mar/2019:05:29:59 +0000] "GET /aaron/wordpress/commit/055241290c5e410830c28b07d827910b01d88951/pipelines HTTP/1.1" 304 0 "http://localhost:8080/-/ide/project/aaron/wordpress/edit/master/-/" "Mozilla/5.0 (Macintosh; Intel Mac OS X 10_14_3) AppleWebKit/537.36 (KHTML, like Gecko) Chrome/73.0.3683.86 Safari/537.36"
172.17.0.1 - - [30/Mar/2019:05:30:11 +0000] "GET /aaron/wordpress/commit/055241290c5e410830c28b07d827910b01d88951/pipelines HTTP/1.1" 304 0 "http://localhost:8080/-/ide/project/aaron/wordpress/edit/master/-/" "Mozilla/5.0 (Macintosh; Intel Mac OS X 10_14_3) AppleWebKit/537.36 (KHTML, like Gecko) Chrome/73.0.3683.86 Safari/537.36"
172.17.0.1 - - [30/Mar/2019:05:30:23 +0000] "GET /aaron/wordpress/commit/055241290c5e410830c28b07d827910b01d88951/pipelines HTTP/1.1" 304 0 "http://localhost:8080/-/ide/project/aaron/wordpress/edit/master/-/" "Mozilla/5.0 (Macintosh; Intel Mac OS X 10_14_3) AppleWebKit/537.36 (KHTML, like Gecko) Chrome/73.0.3683.86 Safari/537.36"
172.17.0.1 - - [30/Mar/2019:05:30:35 +0000] "GET /aaron/wordpress/commit/055241290c5e410830c28b07d827910b01d88951/pipelines HTTP/1.1" 304 0 "http://localhost:8080/-/ide/project/aaron/wordpress/edit/master/-/" "Mozilla/5.0 (Macintosh; Intel Mac OS X 10_14_3) AppleWebKit/537.36 (KHTML, like Gecko) Chrome/73.0.3683.86 Safari/537.36"
172.17.0.1 - - [30/Mar/2019:05:30:47 +0000] "GET /aaron/wordpress/commit/055241290c5e410830c28b07d827910b01d88951/pipelines HTTP/1.1" 304 0 "http://localhost:8080/-/ide/project/aaron/wordpress/edit/master/-/" "Mozilla/5.0 (Macintosh; Intel Mac OS X 10_14_3) AppleWebKit/537.36 (KHTML, like Gecko) Chrome/73.0.3683.86 Safari/537.36"
127.0.0.1 - - [30/Mar/2019:05:30:52 +0000] "GET /help HTTP/1.1" 200 79453 "" "curl/7.59.0-DEV"
172.17.0.1 - - [30/Mar/2019:05:30:59 +0000] "GET /aaron/wordpress/commit/055241290c5e410830c28b07d827910b01d88951/pipelines HTTP/1.1" 304 0 "http://localhost:8080/-/ide/project/aaron/wordpress/edit/master/-/" "Mozilla/5.0 (Macintosh; Intel Mac OS X 10_14_3) AppleWebKit/537.36 (KHTML, like Gecko) Chrome/73.0.3683.86 Safari/537.36"
172.17.0.1 - - [30/Mar/2019:05:31:11 +0000] "GET /aaron/wordpress/commit/055241290c5e410830c28b07d827910b01d88951/pipelines HTTP/1.1" 304 0 "http://localhost:8080/-/ide/project/aaron/wordpress/edit/master/-/" "Mozilla/5.0 (Macintosh; Intel Mac OS X 10_14_3) AppleWebKit/537.36 (KHTML, like Gecko) Chrome/73.0.3683.86 Safari/537.36"
172.17.0.1 - - [30/Mar/2019:05:31:22 +0000] "GET /aaron/wordpress/commit/055241290c5e410830c28b07d827910b01d88951/pipelines HTTP/1.1" 304 0 "http://localhost:8080/-/ide/project/aaron/wordpress/edit/master/-/" "Mozilla/5.0 (Macintosh; Intel Mac OS X 10_14_3) AppleWebKit/537.36 (KHTML, like Gecko) Chrome/73.0.3683.86 Safari/537.36"
172.17.0.1 - - [30/Mar/2019:05:31:33 +0000] "GET /aaron/wordpress/commit/055241290c5e410830c28b07d827910b01d88951/pipelines HTTP/1.1" 304 0 "http://localhost:8080/-/ide/project/aaron/wordpress/edit/master/-/" "Mozilla/5.0 (Macintosh; Intel Mac OS X 10_14_3) AppleWebKit/537.36 (KHTML, like Gecko) Chrome/73.0.3683.86 Safari/537.36"
172.17.0.1 - - [30/Mar/2019:05:31:45 +0000] "GET /aaron/wordpress/commit/055241290c5e410830c28b07d827910b01d88951/pipelines HTTP/1.1" 304 0 "http://localhost:8080/-/ide/project/aaron/wordpress/edit/master/-/" "Mozilla/5.0 (Macintosh; Intel Mac OS X 10_14_3) AppleWebKit/537.36 (KHTML, like Gecko) Chrome/73.0.3683.86 Safari/537.36"
127.0.0.1 - - [30/Mar/2019:05:31:53 +0000] "GET /help HTTP/1.1" 200 79453 "" "curl/7.59.0-DEV"
172.17.0.1 - - [30/Mar/2019:05:31:56 +0000] "GET /aaron/wordpress/commit/055241290c5e410830c28b07d827910b01d88951/pipelines HTTP/1.1" 304 0 "http://localhost:8080/-/ide/project/aaron/wordpress/edit/master/-/" "Mozilla/5.0 (Macintosh; Intel Mac OS X 10_14_3) AppleWebKit/537.36 (KHTML, like Gecko) Chrome/73.0.3683.86 Safari/537.36"
172.17.0.1 - - [30/Mar/2019:05:32:07 +0000] "GET /aaron/wordpress/commit/055241290c5e410830c28b07d827910b01d88951/pipelines HTTP/1.1" 304 0 "http://localhost:8080/-/ide/project/aaron/wordpress/edit/master/-/" "Mozilla/5.0 (Macintosh; Intel Mac OS X 10_14_3) AppleWebKit/537.36 (KHTML, like Gecko) Chrome/73.0.3683.86 Safari/537.36"
172.17.0.1 - - [30/Mar/2019:05:32:19 +0000] "GET /aaron/wordpress/commit/055241290c5e410830c28b07d827910b01d88951/pipelines HTTP/1.1" 304 0 "http://localhost:8080/-/ide/project/aaron/wordpress/edit/master/-/" "Mozilla/5.0 (Macintosh; Intel Mac OS X 10_14_3) AppleWebKit/537.36 (KHTML, like Gecko) Chrome/73.0.3683.86 Safari/537.36"
172.17.0.1 - - [30/Mar/2019:05:32:30 +0000] "GET /aaron/wordpress/commit/055241290c5e410830c28b07d827910b01d88951/pipelines HTTP/1.1" 304 0 "http://localhost:8080/-/ide/project/aaron/wordpress/edit/master/-/" "Mozilla/5.0 (Macintosh; Intel Mac OS X 10_14_3) AppleWebKit/537.36 (KHTML, like Gecko) Chrome/73.0.3683.86 Safari/537.36"
172.17.0.1 - - [30/Mar/2019:05:32:42 +0000] "GET /aaron/wordpress/commit/055241290c5e410830c28b07d827910b01d88951/pipelines HTTP/1.1" 304 0 "http://localhost:8080/-/ide/project/aaron/wordpress/edit/master/-/" "Mozilla/5.0 (Macintosh; Intel Mac OS X 10_14_3) AppleWebKit/537.36 (KHTML, like Gecko) Chrome/73.0.3683.86 Safari/537.36"
172.17.0.1 - - [30/Mar/2019:05:32:54 +0000] "GET /aaron/wordpress/commit/055241290c5e410830c28b07d827910b01d88951/pipelines HTTP/1.1" 304 0 "http://localhost:8080/-/ide/project/aaron/wordpress/edit/master/-/" "Mozilla/5.0 (Macintosh; Intel Mac OS X 10_14_3) AppleWebKit/537.36 (KHTML, like Gecko) Chrome/73.0.3683.86 Safari/537.36"
127.0.0.1 - - [30/Mar/2019:05:32:54 +0000] "GET /help HTTP/1.1" 200 79459 "" "curl/7.59.0-DEV"
172.17.0.1 - - [30/Mar/2019:05:33:05 +0000] "GET /aaron/wordpress/commit/055241290c5e410830c28b07d827910b01d88951/pipelines HTTP/1.1" 304 0 "http://localhost:8080/-/ide/project/aaron/wordpress/edit/master/-/" "Mozilla/5.0 (Macintosh; Intel Mac OS X 10_14_3) AppleWebKit/537.36 (KHTML, like Gecko) Chrome/73.0.3683.86 Safari/537.36"
172.17.0.1 - - [30/Mar/2019:05:33:09 +0000] "GET /-/ide/project/aaron/wordpress/edit/master/-/ HTTP/1.1" 200 6426 "http://localhost:8080/aaron/wordpress" "Mozilla/5.0 (Macintosh; Intel Mac OS X 10_14_3) AppleWebKit/537.36 (KHTML, like Gecko) Chrome/73.0.3683.86 Safari/537.36"
172.17.0.1 - - [30/Mar/2019:05:33:09 +0000] "GET /assets/favicon-7901bd695fb93edb07975966062049829afb56cf11511236e61bcf425070e36e.png HTTP/1.1" 200 1611 "http://localhost:8080/-/ide/project/aaron/wordpress/edit/master/-/" "Mozilla/5.0 (Macintosh; Intel Mac OS X 10_14_3) AppleWebKit/537.36 (KHTML, like Gecko) Chrome/73.0.3683.86 Safari/537.36"
172.17.0.1 - - [30/Mar/2019:05:33:10 +0000] "GET /api/v4/projects/aaron%2Fwordpress HTTP/1.1" 304 0 "http://localhost:8080/-/ide/project/aaron/wordpress/edit/master/-/" "Mozilla/5.0 (Macintosh; Intel Mac OS X 10_14_3) AppleWebKit/537.36 (KHTML, like Gecko) Chrome/73.0.3683.86 Safari/537.36"
172.17.0.1 - - [30/Mar/2019:05:33:11 +0000] "GET /api/v4/projects/aaron%2Fwordpress/repository/branches/master HTTP/1.1" 304 0 "http://localhost:8080/-/ide/project/aaron/wordpress/edit/master/-/" "Mozilla/5.0 (Macintosh; Intel Mac OS X 10_14_3) AppleWebKit/537.36 (KHTML, like Gecko) Chrome/73.0.3683.86 Safari/537.36"
172.17.0.1 - - [30/Mar/2019:05:33:14 +0000] "GET /aaron/wordpress/commit/055241290c5e410830c28b07d827910b01d88951/pipelines HTTP/1.1" 304 0 "http://localhost:8080/-/ide/project/aaron/wordpress/edit/master/-/" "Mozilla/5.0 (Macintosh; Intel Mac OS X 10_14_3) AppleWebKit/537.36 (KHTML, like Gecko) Chrome/73.0.3683.86 Safari/537.36"
172.17.0.1 - - [30/Mar/2019:05:33:20 +0000] "GET /aaron/wordpress HTTP/1.1" 200 15897 "http://localhost:8080/aaron/wordpress/settings/ci_cd" "Mozilla/5.0 (Macintosh; Intel Mac OS X 10_14_3) AppleWebKit/537.36 (KHTML, like Gecko) Chrome/73.0.3683.86 Safari/537.36"
127.0.0.1 - - [30/Mar/2019:05:33:55 +0000] "GET /help HTTP/1.1" 200 79453 "" "curl/7.59.0-DEV"
127.0.0.1 - - [30/Mar/2019:05:34:55 +0000] "GET /help HTTP/1.1" 200 79453 "" "curl/7.59.0-DEV"
127.0.0.1 - - [30/Mar/2019:05:35:56 +0000] "GET /help HTTP/1.1" 200 79453 "" "curl/7.59.0-DEV"
127.0.0.1 - - [30/Mar/2019:05:36:57 +0000] "GET /help HTTP/1.1" 200 79453 "" "curl/7.59.0-DEV"
127.0.0.1 - - [30/Mar/2019:05:37:57 +0000] "GET /help HTTP/1.1" 200 79460 "" "curl/7.59.0-DEV"
172.17.0.1 - - [30/Mar/2019:05:38:28 +0000] "GET /aaron/wordpress/branches HTTP/1.1" 499 0 "http://localhost:8080/aaron/wordpress" "Mozilla/5.0 (Macintosh; Intel Mac OS X 10_14_3) AppleWebKit/537.36 (KHTML, like Gecko) Chrome/73.0.3683.86 Safari/537.36"
172.17.0.1 - - [30/Mar/2019:05:38:32 +0000] "GET /aaron/wordpress/blob/master/README.md HTTP/1.1" 200 12267 "http://localhost:8080/aaron/wordpress" "Mozilla/5.0 (Macintosh; Intel Mac OS X 10_14_3) AppleWebKit/537.36 (KHTML, like Gecko) Chrome/73.0.3683.86 Safari/537.36"
172.17.0.1 - - [30/Mar/2019:05:38:32 +0000] "GET /assets/webpack/pages.projects.blob.show.4658b76c.chunk.js HTTP/1.1" 200 12813 "http://localhost:8080/aaron/wordpress/blob/master/README.md" "Mozilla/5.0 (Macintosh; Intel Mac OS X 10_14_3) AppleWebKit/537.36 (KHTML, like Gecko) Chrome/73.0.3683.86 Safari/537.36"
172.17.0.1 - - [30/Mar/2019:05:38:33 +0000] "GET /aaron/wordpress/commits/055241290c5e410830c28b07d827910b01d88951/signatures HTTP/1.1" 200 17 "http://localhost:8080/aaron/wordpress/blob/master/README.md" "Mozilla/5.0 (Macintosh; Intel Mac OS X 10_14_3) AppleWebKit/537.36 (KHTML, like Gecko) Chrome/73.0.3683.86 Safari/537.36"
172.17.0.1 - - [30/Mar/2019:05:38:34 +0000] "GET /aaron/wordpress/blob/master/README.md?format=json&viewer=rich HTTP/1.1" 304 0 "http://localhost:8080/aaron/wordpress/blob/master/README.md" "Mozilla/5.0 (Macintosh; Intel Mac OS X 10_14_3) AppleWebKit/537.36 (KHTML, like Gecko) Chrome/73.0.3683.86 Safari/537.36"
172.17.0.1 - - [30/Mar/2019:05:38:34 +0000] "GET /aaron/wordpress/commit/055241290c5e410830c28b07d827910b01d88951/pipelines?ref=master HTTP/1.1" 200 981 "http://localhost:8080/aaron/wordpress/blob/master/README.md" "Mozilla/5.0 (Macintosh; Intel Mac OS X 10_14_3) AppleWebKit/537.36 (KHTML, like Gecko) Chrome/73.0.3683.86 Safari/537.36"
172.17.0.1 - - [30/Mar/2019:05:38:37 +0000] "GET /aaron/wordpress/edit/master/README.md HTTP/1.1" 200 14835 "http://localhost:8080/aaron/wordpress/blob/master/README.md" "Mozilla/5.0 (Macintosh; Intel Mac OS X 10_14_3) AppleWebKit/537.36 (KHTML, like Gecko) Chrome/73.0.3683.86 Safari/537.36"
172.17.0.1 - - [30/Mar/2019:05:38:37 +0000] "GET /assets/webpack/pages.projects.blob.edit.d5d0bc7a.chunk.js HTTP/1.1" 200 7376 "http://localhost:8080/aaron/wordpress/edit/master/README.md" "Mozilla/5.0 (Macintosh; Intel Mac OS X 10_14_3) AppleWebKit/537.36 (KHTML, like Gecko) Chrome/73.0.3683.86 Safari/537.36"
172.17.0.1 - - [30/Mar/2019:05:38:37 +0000] "GET /assets/lib/ace-1f5831337315fd4c85075c839f2abde956ed2c85a954f7410258bfcafaeefd76.js HTTP/1.1" 200 110427 "http://localhost:8080/aaron/wordpress/edit/master/README.md" "Mozilla/5.0 (Macintosh; Intel Mac OS X 10_14_3) AppleWebKit/537.36 (KHTML, like Gecko) Chrome/73.0.3683.86 Safari/537.36"
172.17.0.1 - - [30/Mar/2019:05:38:37 +0000] "GET /assets/ace/mode-markdown-c33305e8a6835b17c07f224eace192a8931be0f70608f2c596ce66e711f6c4d4.js HTTP/1.1" 200 18754 "http://localhost:8080/aaron/wordpress/edit/master/README.md" "Mozilla/5.0 (Macintosh; Intel Mac OS X 10_14_3) AppleWebKit/537.36 (KHTML, like Gecko) Chrome/73.0.3683.86 Safari/537.36"
172.17.0.1 - - [30/Mar/2019:05:38:37 +0000] "GET /assets/select2-d6b5d8d83dbc18fb8d77c8761d331cd9e5123c9684950bab0406e98a24ac5ae8.png HTTP/1.1" 200 613 "http://localhost:8080/assets/application-3cbf1ae156fa85f16d4ca01321e0965db8cfb9239404aaf52c3cebfc5b4493fb.css" "Mozilla/5.0 (Macintosh; Intel Mac OS X 10_14_3) AppleWebKit/537.36 (KHTML, like Gecko) Chrome/73.0.3683.86 Safari/537.36"
172.17.0.1 - - [30/Mar/2019:05:38:54 +0000] "POST /aaron/wordpress/update/master/README.md HTTP/1.1" 302 125 "http://localhost:8080/aaron/wordpress/edit/master/README.md" "Mozilla/5.0 (Macintosh; Intel Mac OS X 10_14_3) AppleWebKit/537.36 (KHTML, like Gecko) Chrome/73.0.3683.86 Safari/537.36"
127.0.0.1 - - [30/Mar/2019:05:38:59 +0000] "GET /help HTTP/1.1" 200 79453 "" "curl/7.59.0-DEV"
172.17.0.1 - - [30/Mar/2019:05:38:59 +0000] "GET /aaron/wordpress/blob/master/README.md HTTP/1.1" 200 12295 "http://localhost:8080/aaron/wordpress/edit/master/README.md" "Mozilla/5.0 (Macintosh; Intel Mac OS X 10_14_3) AppleWebKit/537.36 (KHTML, like Gecko) Chrome/73.0.3683.86 Safari/537.36"
172.17.0.1 - - [30/Mar/2019:05:39:01 +0000] "GET /aaron/wordpress/commits/b22fb8bb3c6c49b396c9f9a47072f02f2fea5f30/signatures HTTP/1.1" 200 17 "http://localhost:8080/aaron/wordpress/blob/master/README.md" "Mozilla/5.0 (Macintosh; Intel Mac OS X 10_14_3) AppleWebKit/537.36 (KHTML, like Gecko) Chrome/73.0.3683.86 Safari/537.36"
172.17.0.1 - - [30/Mar/2019:05:39:02 +0000] "GET /aaron/wordpress/blob/master/README.md?format=json&viewer=rich HTTP/1.1" 200 1102 "http://localhost:8080/aaron/wordpress/blob/master/README.md" "Mozilla/5.0 (Macintosh; Intel Mac OS X 10_14_3) AppleWebKit/537.36 (KHTML, like Gecko) Chrome/73.0.3683.86 Safari/537.36"
172.17.0.1 - - [30/Mar/2019:05:39:08 +0000] "GET /aaron/wordpress/branches HTTP/1.1" 200 10280 "http://localhost:8080/aaron/wordpress/blob/master/README.md" "Mozilla/5.0 (Macintosh; Intel Mac OS X 10_14_3) AppleWebKit/537.36 (KHTML, like Gecko) Chrome/73.0.3683.86 Safari/537.36"
172.17.0.1 - - [30/Mar/2019:05:39:08 +0000] "GET /assets/webpack/pages.projects.branches.index.2a8bfbf4.chunk.js HTTP/1.1" 200 4058 "http://localhost:8080/aaron/wordpress/branches" "Mozilla/5.0 (Macintosh; Intel Mac OS X 10_14_3) AppleWebKit/537.36 (KHTML, like Gecko) Chrome/73.0.3683.86 Safari/537.36"
172.17.0.1 - - [30/Mar/2019:05:39:11 +0000] "GET /aaron/wordpress/branches/new HTTP/1.1" 200 9366 "http://localhost:8080/aaron/wordpress/branches" "Mozilla/5.0 (Macintosh; Intel Mac OS X 10_14_3) AppleWebKit/537.36 (KHTML, like Gecko) Chrome/73.0.3683.86 Safari/537.36"
172.17.0.1 - - [30/Mar/2019:05:39:11 +0000] "GET /assets/webpack/pages.projects.branches.new.13e63e05.chunk.js HTTP/1.1" 200 4291 "http://localhost:8080/aaron/wordpress/branches/new" "Mozilla/5.0 (Macintosh; Intel Mac OS X 10_14_3) AppleWebKit/537.36 (KHTML, like Gecko) Chrome/73.0.3683.86 Safari/537.36"
172.17.0.1 - - [30/Mar/2019:05:39:34 +0000] "POST /aaron/wordpress/branches HTTP/1.1" 302 118 "http://localhost:8080/aaron/wordpress/branches/new" "Mozilla/5.0 (Macintosh; Intel Mac OS X 10_14_3) AppleWebKit/537.36 (KHTML, like Gecko) Chrome/73.0.3683.86 Safari/537.36"
172.17.0.1 - - [30/Mar/2019:05:39:37 +0000] "GET /aaron/wordpress/tree/PROJA-001 HTTP/1.1" 200 12491 "http://localhost:8080/aaron/wordpress/branches/new" "Mozilla/5.0 (Macintosh; Intel Mac OS X 10_14_3) AppleWebKit/537.36 (KHTML, like Gecko) Chrome/73.0.3683.86 Safari/537.36"
172.17.0.1 - - [30/Mar/2019:05:39:37 +0000] "GET /assets/webpack/pages.projects.tree.show.b7c16ce0.chunk.js HTTP/1.1" 200 11712 "http://localhost:8080/aaron/wordpress/tree/PROJA-001" "Mozilla/5.0 (Macintosh; Intel Mac OS X 10_14_3) AppleWebKit/537.36 (KHTML, like Gecko) Chrome/73.0.3683.86 Safari/537.36"
172.17.0.1 - - [30/Mar/2019:05:39:39 +0000] "GET /aaron/wordpress/commits/b22fb8bb3c6c49b396c9f9a47072f02f2fea5f30/signatures HTTP/1.1" 304 0 "http://localhost:8080/aaron/wordpress/tree/PROJA-001" "Mozilla/5.0 (Macintosh; Intel Mac OS X 10_14_3) AppleWebKit/537.36 (KHTML, like Gecko) Chrome/73.0.3683.86 Safari/537.36"
172.17.0.1 - - [30/Mar/2019:05:39:40 +0000] "GET /aaron/wordpress/refs/PROJA-001/logs_tree/?format=js HTTP/1.1" 200 679 "http://localhost:8080/aaron/wordpress/tree/PROJA-001" "Mozilla/5.0 (Macintosh; Intel Mac OS X 10_14_3) AppleWebKit/537.36 (KHTML, like Gecko) Chrome/73.0.3683.86 Safari/537.36"
172.17.0.1 - - [30/Mar/2019:05:39:40 +0000] "GET /aaron/wordpress/blob/PROJA-001/README.md?format=json&viewer=rich HTTP/1.1" 200 1114 "http://localhost:8080/aaron/wordpress/tree/PROJA-001" "Mozilla/5.0 (Macintosh; Intel Mac OS X 10_14_3) AppleWebKit/537.36 (KHTML, like Gecko) Chrome/73.0.3683.86 Safari/537.36"
172.17.0.1 - - [30/Mar/2019:05:39:45 +0000] "GET /aaron/wordpress/blob/PROJA-001/README.md HTTP/1.1" 200 12599 "http://localhost:8080/aaron/wordpress/tree/PROJA-001" "Mozilla/5.0 (Macintosh; Intel Mac OS X 10_14_3) AppleWebKit/537.36 (KHTML, like Gecko) Chrome/73.0.3683.86 Safari/537.36"
172.17.0.1 - - [30/Mar/2019:05:39:46 +0000] "GET /aaron/wordpress/commits/b22fb8bb3c6c49b396c9f9a47072f02f2fea5f30/signatures HTTP/1.1" 304 0 "http://localhost:8080/aaron/wordpress/blob/PROJA-001/README.md" "Mozilla/5.0 (Macintosh; Intel Mac OS X 10_14_3) AppleWebKit/537.36 (KHTML, like Gecko) Chrome/73.0.3683.86 Safari/537.36"
172.17.0.1 - - [30/Mar/2019:05:39:46 +0000] "GET /aaron/wordpress/blob/PROJA-001/README.md?format=json&viewer=rich HTTP/1.1" 304 0 "http://localhost:8080/aaron/wordpress/blob/PROJA-001/README.md" "Mozilla/5.0 (Macintosh; Intel Mac OS X 10_14_3) AppleWebKit/537.36 (KHTML, like Gecko) Chrome/73.0.3683.86 Safari/537.36"
172.17.0.1 - - [30/Mar/2019:05:39:47 +0000] "GET /aaron/wordpress/commit/b22fb8bb3c6c49b396c9f9a47072f02f2fea5f30/pipelines?ref=PROJA-001 HTTP/1.1" 200 1054 "http://localhost:8080/aaron/wordpress/blob/PROJA-001/README.md" "Mozilla/5.0 (Macintosh; Intel Mac OS X 10_14_3) AppleWebKit/537.36 (KHTML, like Gecko) Chrome/73.0.3683.86 Safari/537.36"
172.17.0.1 - - [30/Mar/2019:05:39:48 +0000] "GET /aaron/wordpress/edit/PROJA-001/README.md HTTP/1.1" 200 14866 "http://localhost:8080/aaron/wordpress/blob/PROJA-001/README.md" "Mozilla/5.0 (Macintosh; Intel Mac OS X 10_14_3) AppleWebKit/537.36 (KHTML, like Gecko) Chrome/73.0.3683.86 Safari/537.36"
127.0.0.1 - - [30/Mar/2019:05:39:59 +0000] "GET /help HTTP/1.1" 200 79453 "" "curl/7.59.0-DEV"
172.17.0.1 - - [30/Mar/2019:05:40:17 +0000] "POST /aaron/wordpress/update/PROJA-001/README.md HTTP/1.1" 302 128 "http://localhost:8080/aaron/wordpress/edit/PROJA-001/README.md" "Mozilla/5.0 (Macintosh; Intel Mac OS X 10_14_3) AppleWebKit/537.36 (KHTML, like Gecko) Chrome/73.0.3683.86 Safari/537.36"
172.17.0.1 - - [30/Mar/2019:05:40:26 +0000] "GET /aaron/wordpress/blob/PROJA-001/README.md HTTP/1.1" 200 12410 "http://localhost:8080/aaron/wordpress/edit/PROJA-001/README.md" "Mozilla/5.0 (Macintosh; Intel Mac OS X 10_14_3) AppleWebKit/537.36 (KHTML, like Gecko) Chrome/73.0.3683.86 Safari/537.36"
172.17.0.1 - - [30/Mar/2019:05:40:27 +0000] "GET /aaron/wordpress/commits/ad758edcf2eff276b7e981061f87503ff97b13bb/signatures HTTP/1.1" 200 17 "http://localhost:8080/aaron/wordpress/blob/PROJA-001/README.md" "Mozilla/5.0 (Macintosh; Intel Mac OS X 10_14_3) AppleWebKit/537.36 (KHTML, like Gecko) Chrome/73.0.3683.86 Safari/537.36"
172.17.0.1 - - [30/Mar/2019:05:40:27 +0000] "GET /aaron/wordpress/blob/PROJA-001/README.md?format=json&viewer=rich HTTP/1.1" 200 1458 "http://localhost:8080/aaron/wordpress/blob/PROJA-001/README.md" "Mozilla/5.0 (Macintosh; Intel Mac OS X 10_14_3) AppleWebKit/537.36 (KHTML, like Gecko) Chrome/73.0.3683.86 Safari/537.36"
172.17.0.1 - - [30/Mar/2019:05:40:36 +0000] "GET /aaron/wordpress/merge_requests/new?merge_request%5Bsource_branch%5D=PROJA-001&merge_request%5Bsource_project_id%5D=1&merge_request%5Btarget_branch%5D=master&merge_request%5Btarget_project_id%5D=1 HTTP/1.1" 200 14585 "http://localhost:8080/aaron/wordpress/blob/PROJA-001/README.md" "Mozilla/5.0 (Macintosh; Intel Mac OS X 10_14_3) AppleWebKit/537.36 (KHTML, like Gecko) Chrome/73.0.3683.86 Safari/537.36"
172.17.0.1 - - [30/Mar/2019:05:40:36 +0000] "GET /assets/webpack/pages.projects.merge_requests.creations.new.94b5b283.chunk.js HTTP/1.1" 200 61552 "http://localhost:8080/aaron/wordpress/merge_requests/new" "Mozilla/5.0 (Macintosh; Intel Mac OS X 10_14_3) AppleWebKit/537.36 (KHTML, like Gecko) Chrome/73.0.3683.86 Safari/537.36"
127.0.0.1 - - [30/Mar/2019:05:41:00 +0000] "GET /help HTTP/1.1" 200 79453 "" "curl/7.59.0-DEV"
172.17.0.1 - - [30/Mar/2019:05:41:04 +0000] "GET /autocomplete/users.json?search=&active=true&project_id=1&current_user=true HTTP/1.1" 200 250 "http://localhost:8080/aaron/wordpress/merge_requests/new" "Mozilla/5.0 (Macintosh; Intel Mac OS X 10_14_3) AppleWebKit/537.36 (KHTML, like Gecko) Chrome/73.0.3683.86 Safari/537.36"
172.17.0.1 - - [30/Mar/2019:05:41:08 +0000] "GET /aaron/wordpress/milestones.json HTTP/1.1" 200 2 "http://localhost:8080/aaron/wordpress/merge_requests/new" "Mozilla/5.0 (Macintosh; Intel Mac OS X 10_14_3) AppleWebKit/537.36 (KHTML, like Gecko) Chrome/73.0.3683.86 Safari/537.36"
172.17.0.1 - - [30/Mar/2019:05:41:10 +0000] "GET /aaron/wordpress/labels.json?include_ancestor_groups=true HTTP/1.1" 200 2 "http://localhost:8080/aaron/wordpress/merge_requests/new" "Mozilla/5.0 (Macintosh; Intel Mac OS X 10_14_3) AppleWebKit/537.36 (KHTML, like Gecko) Chrome/73.0.3683.86 Safari/537.36"
172.17.0.1 - - [30/Mar/2019:05:41:40 +0000] "GET /aaron/wordpress/merge_requests/new/pipelines.json?merge_request%5Bsource_branch%5D=PROJA-001&merge_request%5Bsource_project_id%5D=1&merge_request%5Btarget_branch%5D=master&merge_request%5Btarget_project_id%5D=1&page=1 HTTP/1.1" 200 1016 "http://localhost:8080/aaron/wordpress/merge_requests/new/pipelines" "Mozilla/5.0 (Macintosh; Intel Mac OS X 10_14_3) AppleWebKit/537.36 (KHTML, like Gecko) Chrome/73.0.3683.86 Safari/537.36"
172.17.0.1 - - [30/Mar/2019:05:41:52 +0000] "GET /aaron/wordpress/merge_requests/new/diffs.json?merge_request%5Bsource_branch%5D=PROJA-001&merge_request%5Bsource_project_id%5D=1&merge_request%5Btarget_branch%5D=master&merge_request%5Btarget_project_id%5D=1 HTTP/1.1" 200 2597 "http://localhost:8080/aaron/wordpress/merge_requests/new/diffs" "Mozilla/5.0 (Macintosh; Intel Mac OS X 10_14_3) AppleWebKit/537.36 (KHTML, like Gecko) Chrome/73.0.3683.86 Safari/537.36"
127.0.0.1 - - [30/Mar/2019:05:42:00 +0000] "GET /help HTTP/1.1" 200 79460 "" "curl/7.59.0-DEV"
172.17.0.1 - - [30/Mar/2019:05:42:09 +0000] "GET /aaron/wordpress/merge_requests/new/diffs?merge_request%5Bsource_branch%5D=PROJA-001&merge_request%5Bsource_project_id%5D=1&merge_request%5Btarget_branch%5D=master&merge_request%5Btarget_project_id%5D=1&view=parallel HTTP/1.1" 200 14642 "http://localhost:8080/aaron/wordpress/merge_requests/new/diffs" "Mozilla/5.0 (Macintosh; Intel Mac OS X 10_14_3) AppleWebKit/537.36 (KHTML, like Gecko) Chrome/73.0.3683.86 Safari/537.36"
172.17.0.1 - - [30/Mar/2019:05:42:12 +0000] "GET /aaron/wordpress/merge_requests/new/diffs.json?merge_request%5Bsource_branch%5D=PROJA-001&merge_request%5Bsource_project_id%5D=1&merge_request%5Btarget_branch%5D=master&merge_request%5Btarget_project_id%5D=1&view=parallel HTTP/1.1" 200 2575 "http://localhost:8080/aaron/wordpress/merge_requests/new/diffs" "Mozilla/5.0 (Macintosh; Intel Mac OS X 10_14_3) AppleWebKit/537.36 (KHTML, like Gecko) Chrome/73.0.3683.86 Safari/537.36"
172.17.0.1 - - [30/Mar/2019:05:42:19 +0000] "POST /aaron/wordpress/merge_requests HTTP/1.1" 302 120 "http://localhost:8080/aaron/wordpress/merge_requests/new/diffs" "Mozilla/5.0 (Macintosh; Intel Mac OS X 10_14_3) AppleWebKit/537.36 (KHTML, like Gecko) Chrome/73.0.3683.86 Safari/537.36"
172.17.0.1 - - [30/Mar/2019:05:42:23 +0000] "GET /aaron/wordpress/merge_requests/1 HTTP/1.1" 200 19667 "http://localhost:8080/aaron/wordpress/merge_requests/new/diffs" "Mozilla/5.0 (Macintosh; Intel Mac OS X 10_14_3) AppleWebKit/537.36 (KHTML, like Gecko) Chrome/73.0.3683.86 Safari/537.36"
172.17.0.1 - - [30/Mar/2019:05:42:23 +0000] "GET /assets/webpack/pages.projects.merge_requests.show.562e4b26.chunk.js HTTP/1.1" 200 168006 "http://localhost:8080/aaron/wordpress/merge_requests/1" "Mozilla/5.0 (Macintosh; Intel Mac OS X 10_14_3) AppleWebKit/537.36 (KHTML, like Gecko) Chrome/73.0.3683.86 Safari/537.36"
172.17.0.1 - - [30/Mar/2019:05:42:23 +0000] "GET /assets/ci_favicons/favicon_status_pending-5bdf338420e5221ca24353b6bff1c9367189588750632e9a871b7af09ff6a2ae.png HTTP/1.1" 200 919 "http://localhost:8080/aaron/wordpress/merge_requests/1/commits" "Mozilla/5.0 (Macintosh; Intel Mac OS X 10_14_3) AppleWebKit/537.36 (KHTML, like Gecko) Chrome/73.0.3683.86 Safari/537.36"
172.17.0.1 - - [30/Mar/2019:05:42:24 +0000] "GET /aaron/wordpress/merge_requests/1.json?serializer=sidebar_extras HTTP/1.1" 200 338 "http://localhost:8080/aaron/wordpress/merge_requests/1" "Mozilla/5.0 (Macintosh; Intel Mac OS X 10_14_3) AppleWebKit/537.36 (KHTML, like Gecko) Chrome/73.0.3683.86 Safari/537.36"
172.17.0.1 - - [30/Mar/2019:05:42:24 +0000] "GET /aaron/wordpress/merge_requests/1/ci_environments_status HTTP/1.1" 200 2 "http://localhost:8080/aaron/wordpress/merge_requests/1" "Mozilla/5.0 (Macintosh; Intel Mac OS X 10_14_3) AppleWebKit/537.36 (KHTML, like Gecko) Chrome/73.0.3683.86 Safari/537.36"
172.17.0.1 - - [30/Mar/2019:05:42:24 +0000] "GET /aaron/wordpress/merge_requests/1/discussions.json HTTP/1.1" 200 2 "http://localhost:8080/aaron/wordpress/merge_requests/1" "Mozilla/5.0 (Macintosh; Intel Mac OS X 10_14_3) AppleWebKit/537.36 (KHTML, like Gecko) Chrome/73.0.3683.86 Safari/537.36"
172.17.0.1 - - [30/Mar/2019:05:42:24 +0000] "GET /assets/emoji_sprites-289eccffb1183c188b630297431be837765d9ff4aed6130cf738586fb307c170.css HTTP/1.1" 200 12724 "http://localhost:8080/aaron/wordpress/merge_requests/1/commits" "Mozilla/5.0 (Macintosh; Intel Mac OS X 10_14_3) AppleWebKit/537.36 (KHTML, like Gecko) Chrome/73.0.3683.86 Safari/537.36"
172.17.0.1 - - [30/Mar/2019:05:42:24 +0000] "GET /aaron/wordpress/merge_requests/1/commits.json HTTP/1.1" 200 1112 "http://localhost:8080/aaron/wordpress/merge_requests/1/commits" "Mozilla/5.0 (Macintosh; Intel Mac OS X 10_14_3) AppleWebKit/537.36 (KHTML, like Gecko) Chrome/73.0.3683.86 Safari/537.36"
172.17.0.1 - - [30/Mar/2019:05:42:25 +0000] "GET /aaron/wordpress/noteable/merge_request/1/notes HTTP/1.1" 200 41 "http://localhost:8080/aaron/wordpress/merge_requests/1/commits" "Mozilla/5.0 (Macintosh; Intel Mac OS X 10_14_3) AppleWebKit/537.36 (KHTML, like Gecko) Chrome/73.0.3683.86 Safari/537.36"
172.17.0.1 - - [30/Mar/2019:05:42:31 +0000] "GET /aaron/wordpress/noteable/merge_request/1/notes HTTP/1.1" 200 41 "http://localhost:8080/aaron/wordpress/merge_requests/1/commits" "Mozilla/5.0 (Macintosh; Intel Mac OS X 10_14_3) AppleWebKit/537.36 (KHTML, like Gecko) Chrome/73.0.3683.86 Safari/537.36"
172.17.0.1 - - [30/Mar/2019:05:42:35 +0000] "GET /aaron/wordpress/merge_requests/1.json?serializer=widget HTTP/1.1" 200 2031 "http://localhost:8080/aaron/wordpress/merge_requests/1/commits" "Mozilla/5.0 (Macintosh; Intel Mac OS X 10_14_3) AppleWebKit/537.36 (KHTML, like Gecko) Chrome/73.0.3683.86 Safari/537.36"
172.17.0.1 - - [30/Mar/2019:05:42:37 +0000] "GET /aaron/wordpress/noteable/merge_request/1/notes HTTP/1.1" 200 41 "http://localhost:8080/aaron/wordpress/merge_requests/1/commits" "Mozilla/5.0 (Macintosh; Intel Mac OS X 10_14_3) AppleWebKit/537.36 (KHTML, like Gecko) Chrome/73.0.3683.86 Safari/537.36"
172.17.0.1 - - [30/Mar/2019:05:42:44 +0000] "GET /aaron/wordpress/noteable/merge_request/1/notes HTTP/1.1" 200 41 "http://localhost:8080/aaron/wordpress/merge_requests/1/commits" "Mozilla/5.0 (Macintosh; Intel Mac OS X 10_14_3) AppleWebKit/537.36 (KHTML, like Gecko) Chrome/73.0.3683.86 Safari/537.36"
172.17.0.1 - - [30/Mar/2019:05:42:50 +0000] "GET /aaron/wordpress/noteable/merge_request/1/notes HTTP/1.1" 200 41 "http://localhost:8080/aaron/wordpress/merge_requests/1/commits" "Mozilla/5.0 (Macintosh; Intel Mac OS X 10_14_3) AppleWebKit/537.36 (KHTML, like Gecko) Chrome/73.0.3683.86 Safari/537.36"
172.17.0.1 - - [30/Mar/2019:05:42:53 +0000] "GET /aaron/wordpress/merge_requests/1/ci_environments_status HTTP/1.1" 304 0 "http://localhost:8080/aaron/wordpress/merge_requests/1/commits" "Mozilla/5.0 (Macintosh; Intel Mac OS X 10_14_3) AppleWebKit/537.36 (KHTML, like Gecko) Chrome/73.0.3683.86 Safari/537.36"
172.17.0.1 - - [30/Mar/2019:05:42:56 +0000] "GET /aaron/wordpress/noteable/merge_request/1/notes HTTP/1.1" 200 41 "http://localhost:8080/aaron/wordpress/merge_requests/1/commits" "Mozilla/5.0 (Macintosh; Intel Mac OS X 10_14_3) AppleWebKit/537.36 (KHTML, like Gecko) Chrome/73.0.3683.86 Safari/537.36"
127.0.0.1 - - [30/Mar/2019:05:43:00 +0000] "GET /help HTTP/1.1" 200 79453 "" "curl/7.59.0-DEV"
172.17.0.1 - - [30/Mar/2019:05:43:02 +0000] "GET /aaron/wordpress/noteable/merge_request/1/notes HTTP/1.1" 200 41 "http://localhost:8080/aaron/wordpress/merge_requests/1/commits" "Mozilla/5.0 (Macintosh; Intel Mac OS X 10_14_3) AppleWebKit/537.36 (KHTML, like Gecko) Chrome/73.0.3683.86 Safari/537.36"
172.17.0.1 - - [30/Mar/2019:05:43:05 +0000] "GET /aaron/wordpress/merge_requests/1.json?serializer=widget HTTP/1.1" 304 0 "http://localhost:8080/aaron/wordpress/merge_requests/1/commits" "Mozilla/5.0 (Macintosh; Intel Mac OS X 10_14_3) AppleWebKit/537.36 (KHTML, like Gecko) Chrome/73.0.3683.86 Safari/537.36"
172.17.0.1 - - [30/Mar/2019:05:43:09 +0000] "GET /aaron/wordpress/noteable/merge_request/1/notes HTTP/1.1" 200 41 "http://localhost:8080/aaron/wordpress/merge_requests/1/commits" "Mozilla/5.0 (Macintosh; Intel Mac OS X 10_14_3) AppleWebKit/537.36 (KHTML, like Gecko) Chrome/73.0.3683.86 Safari/537.36"
172.17.0.1 - - [30/Mar/2019:05:43:15 +0000] "GET /aaron/wordpress/noteable/merge_request/1/notes HTTP/1.1" 200 41 "http://localhost:8080/aaron/wordpress/merge_requests/1/commits" "Mozilla/5.0 (Macintosh; Intel Mac OS X 10_14_3) AppleWebKit/537.36 (KHTML, like Gecko) Chrome/73.0.3683.86 Safari/537.36"
172.17.0.1 - - [30/Mar/2019:05:43:21 +0000] "GET /aaron/wordpress/noteable/merge_request/1/notes HTTP/1.1" 200 41 "http://localhost:8080/aaron/wordpress/merge_requests/1/commits" "Mozilla/5.0 (Macintosh; Intel Mac OS X 10_14_3) AppleWebKit/537.36 (KHTML, like Gecko) Chrome/73.0.3683.86 Safari/537.36"
172.17.0.1 - - [30/Mar/2019:05:43:27 +0000] "GET /aaron/wordpress/noteable/merge_request/1/notes HTTP/1.1" 200 41 "http://localhost:8080/aaron/wordpress/merge_requests/1/commits" "Mozilla/5.0 (Macintosh; Intel Mac OS X 10_14_3) AppleWebKit/537.36 (KHTML, like Gecko) Chrome/73.0.3683.86 Safari/537.36"
172.17.0.1 - - [30/Mar/2019:05:43:34 +0000] "GET /aaron/wordpress/noteable/merge_request/1/notes HTTP/1.1" 200 41 "http://localhost:8080/aaron/wordpress/merge_requests/1/commits" "Mozilla/5.0 (Macintosh; Intel Mac OS X 10_14_3) AppleWebKit/537.36 (KHTML, like Gecko) Chrome/73.0.3683.86 Safari/537.36"
172.17.0.1 - - [30/Mar/2019:05:43:35 +0000] "GET /aaron/wordpress/merge_requests/1.json?serializer=widget HTTP/1.1" 304 0 "http://localhost:8080/aaron/wordpress/merge_requests/1/commits" "Mozilla/5.0 (Macintosh; Intel Mac OS X 10_14_3) AppleWebKit/537.36 (KHTML, like Gecko) Chrome/73.0.3683.86 Safari/537.36"
172.17.0.1 - - [30/Mar/2019:05:43:40 +0000] "GET /aaron/wordpress/noteable/merge_request/1/notes HTTP/1.1" 200 41 "http://localhost:8080/aaron/wordpress/merge_requests/1/commits" "Mozilla/5.0 (Macintosh; Intel Mac OS X 10_14_3) AppleWebKit/537.36 (KHTML, like Gecko) Chrome/73.0.3683.86 Safari/537.36"
172.17.0.1 - - [30/Mar/2019:05:43:46 +0000] "GET /aaron/wordpress/noteable/merge_request/1/notes HTTP/1.1" 200 41 "http://localhost:8080/aaron/wordpress/merge_requests/1/commits" "Mozilla/5.0 (Macintosh; Intel Mac OS X 10_14_3) AppleWebKit/537.36 (KHTML, like Gecko) Chrome/73.0.3683.86 Safari/537.36"
172.17.0.1 - - [30/Mar/2019:05:43:52 +0000] "GET /aaron/wordpress/noteable/merge_request/1/notes HTTP/1.1" 200 41 "http://localhost:8080/aaron/wordpress/merge_requests/1/commits" "Mozilla/5.0 (Macintosh; Intel Mac OS X 10_14_3) AppleWebKit/537.36 (KHTML, like Gecko) Chrome/73.0.3683.86 Safari/537.36"
172.17.0.1 - - [30/Mar/2019:05:43:59 +0000] "GET /aaron/wordpress/noteable/merge_request/1/notes HTTP/1.1" 200 41 "http://localhost:8080/aaron/wordpress/merge_requests/1/commits" "Mozilla/5.0 (Macintosh; Intel Mac OS X 10_14_3) AppleWebKit/537.36 (KHTML, like Gecko) Chrome/73.0.3683.86 Safari/537.36"
127.0.0.1 - - [30/Mar/2019:05:44:01 +0000] "GET /help HTTP/1.1" 200 79453 "" "curl/7.59.0-DEV"
172.17.0.1 - - [30/Mar/2019:05:44:05 +0000] "GET /aaron/wordpress/merge_requests/1.json?serializer=widget HTTP/1.1" 304 0 "http://localhost:8080/aaron/wordpress/merge_requests/1/commits" "Mozilla/5.0 (Macintosh; Intel Mac OS X 10_14_3) AppleWebKit/537.36 (KHTML, like Gecko) Chrome/73.0.3683.86 Safari/537.36"
172.17.0.1 - - [30/Mar/2019:05:44:05 +0000] "GET /aaron/wordpress/noteable/merge_request/1/notes HTTP/1.1" 200 41 "http://localhost:8080/aaron/wordpress/merge_requests/1/commits" "Mozilla/5.0 (Macintosh; Intel Mac OS X 10_14_3) AppleWebKit/537.36 (KHTML, like Gecko) Chrome/73.0.3683.86 Safari/537.36"
172.17.0.1 - - [30/Mar/2019:05:44:11 +0000] "GET /aaron/wordpress/noteable/merge_request/1/notes HTTP/1.1" 200 41 "http://localhost:8080/aaron/wordpress/merge_requests/1/commits" "Mozilla/5.0 (Macintosh; Intel Mac OS X 10_14_3) AppleWebKit/537.36 (KHTML, like Gecko) Chrome/73.0.3683.86 Safari/537.36"
172.17.0.1 - - [30/Mar/2019:05:44:18 +0000] "GET /aaron/wordpress/noteable/merge_request/1/notes HTTP/1.1" 200 41 "http://localhost:8080/aaron/wordpress/merge_requests/1/commits" "Mozilla/5.0 (Macintosh; Intel Mac OS X 10_14_3) AppleWebKit/537.36 (KHTML, like Gecko) Chrome/73.0.3683.86 Safari/537.36"
172.17.0.1 - - [30/Mar/2019:05:44:21 +0000] "POST /aaron/wordpress/merge_requests/1/merge HTTP/1.1" 200 20 "http://localhost:8080/aaron/wordpress/merge_requests/1/commits" "Mozilla/5.0 (Macintosh; Intel Mac OS X 10_14_3) AppleWebKit/537.36 (KHTML, like Gecko) Chrome/73.0.3683.86 Safari/537.36"
172.17.0.1 - - [30/Mar/2019:05:44:22 +0000] "GET /aaron/wordpress/merge_requests/1.json?serializer=basic HTTP/1.1" 200 247 "http://localhost:8080/aaron/wordpress/merge_requests/1/commits" "Mozilla/5.0 (Macintosh; Intel Mac OS X 10_14_3) AppleWebKit/537.36 (KHTML, like Gecko) Chrome/73.0.3683.86 Safari/537.36"
172.17.0.1 - - [30/Mar/2019:05:44:24 +0000] "GET /aaron/wordpress/noteable/merge_request/1/notes HTTP/1.1" 200 41 "http://localhost:8080/aaron/wordpress/merge_requests/1/commits" "Mozilla/5.0 (Macintosh; Intel Mac OS X 10_14_3) AppleWebKit/537.36 (KHTML, like Gecko) Chrome/73.0.3683.86 Safari/537.36"
172.17.0.1 - - [30/Mar/2019:05:44:24 +0000] "GET /aaron/wordpress/merge_requests/1.json?serializer=basic HTTP/1.1" 200 247 "http://localhost:8080/aaron/wordpress/merge_requests/1/commits" "Mozilla/5.0 (Macintosh; Intel Mac OS X 10_14_3) AppleWebKit/537.36 (KHTML, like Gecko) Chrome/73.0.3683.86 Safari/537.36"
172.17.0.1 - - [30/Mar/2019:05:44:27 +0000] "GET /aaron/wordpress/merge_requests/1.json?serializer=basic HTTP/1.1" 200 247 "http://localhost:8080/aaron/wordpress/merge_requests/1/commits" "Mozilla/5.0 (Macintosh; Intel Mac OS X 10_14_3) AppleWebKit/537.36 (KHTML, like Gecko) Chrome/73.0.3683.86 Safari/537.36"
172.17.0.1 - - [30/Mar/2019:05:44:27 +0000] "GET /aaron/wordpress/merge_requests/1.json?serializer=basic HTTP/1.1" 304 0 "http://localhost:8080/aaron/wordpress/merge_requests/1/commits" "Mozilla/5.0 (Macintosh; Intel Mac OS X 10_14_3) AppleWebKit/537.36 (KHTML, like Gecko) Chrome/73.0.3683.86 Safari/537.36"
